llvmpipe (LLVM 20.1.2, 256 bits)
entrance 12.41 seconds
ferns 13.13 seconds
grove 12.29 seconds
deadwood 8.36 seconds
canopy 3.23 seconds
ridge 13.0 seconds
reverse 18.87 seconds
aerial 18.0 seconds
survey_-88_-88_0 10.36 seconds
survey_-88_-88_1 7.2 seconds
survey_-88_-44_0 8.2 seconds
survey_-88_-44_1 9.39 seconds
survey_-88_0_0 7.11 seconds
survey_-88_0_1 7.26 seconds
survey_-88_44_0 6.92 seconds
survey_-88_44_1 9.79 seconds
survey_-88_88_0 8.14 seconds
survey_-88_88_1 8.67 seconds
survey_-44_-88_0 7.25 seconds
survey_-44_-88_1 7.17 seconds
survey_-44_-44_0 7.84 seconds
survey_-44_-44_1 7.91 seconds
survey_-44_0_0 8.0 seconds
survey_-44_0_1 9.22 seconds
survey_-44_44_0 8.42 seconds
survey_-44_44_1 8.56 seconds
survey_-44_88_0 9.19 seconds
survey_-44_88_1 9.13 seconds
survey_0_-88_0 8.3 seconds
survey_0_-88_1 8.03 seconds
survey_0_-44_0 8.19 seconds
survey_0_-44_1 6.88 seconds
survey_0_0_0 8.28 seconds
survey_0_0_1 14.92 seconds
survey_0_44_0 8.85 seconds
survey_0_44_1 10.35 seconds
survey_0_88_0 12.41 seconds
survey_0_88_1 10.04 seconds
survey_44_-88_0 8.07 seconds
survey_44_-88_1 7.63 seconds
survey_44_-44_0 9.97 seconds
survey_44_-44_1 7.61 seconds
survey_44_0_0 7.89 seconds
survey_44_0_1 6.64 seconds
survey_44_44_0 6.97 seconds
survey_44_44_1 7.48 seconds
survey_44_88_0 8.96 seconds
survey_44_88_1 7.8 seconds
survey_88_-88_0 6.73 seconds
survey_88_-88_1 7.01 seconds
survey_88_-44_0 11.48 seconds
survey_88_-44_1 9.33 seconds
survey_88_0_0 7.19 seconds
survey_88_0_1 7.2 seconds
survey_88_44_0 8.06 seconds
survey_88_44_1 8.91 seconds
survey_88_88_0 11.16 seconds
survey_88_88_1 9.17 seconds
root_detail 9.98 seconds
moss_detail 6.86 seconds
log_end 9.38 seconds
